66.249.76.94 - - [13/Oct/2019:00:03:17 +0200] "GET /robots.txt HTTP/1.1" 200 1202 "-" "Mozilla/5.0 (compatible; Googlebot/2.1; +http://www.google.com/bot.html)"
66.249.76.92 - - [13/Oct/2019:00:03:18 +0200] "GET /img/logo.png HTTP/1.1" 304 175 "-" "Googlebot-Image/1.0"
66.249.76.94 - - [13/Oct/2019:00:03:56 +0200] "GET /training HTTP/1.1" 200 9378 "-" "Mozilla/5.0 (Linux; Android 6.0.1; Nexus 5X Build/MMB29P) AppleWebKit/537.36 (KHTML, like Gecko) Chrome/41.0.2272.96 Mobile Safari/537.36 (compatible; Googlebot/2.1; +http://www.google.com/bot.html)"
66.249.76.65 - - [13/Oct/2019:00:04:24 +0200] "GET /uploads/IMG_92693509.jpg HTTP/1.1" 304 176 "-" "Googlebot-Image/1.0"
66.249.76.92 - - [13/Oct/2019:00:08:12 +0200] "GET /training HTTP/1.1" 200 9378 "-" "Mozilla/5.0 (Linux; Android 6.0.1; Nexus 5X Build/MMB29P) AppleWebKit/537.36 (KHTML, like Gecko) Chrome/41.0.2272.96 Mobile Safari/537.36 (compatible; Googlebot/2.1; +http://www.google.com/bot.html)"
66.249.76.92 - - [13/Oct/2019:00:12:56 +0200] "GET /training HTTP/1.1" 200 9378 "-" "Mozilla/5.0 (Linux; Android 6.0.1; Nexus 5X Build/MMB29P) AppleWebKit/537.36 (KHTML, like Gecko) Chrome/41.0.2272.96 Mobile Safari/537.36 (compatible; Googlebot/2.1; +http://www.google.com/bot.html)"
66.249.76.94 - - [13/Oct/2019:00:22:33 +0200] "GET /training HTTP/1.1" 200 9378 "-" "Mozilla/5.0 (Linux; Android 6.0.1; Nexus 5X Build/MMB29P) AppleWebKit/537.36 (KHTML, like Gecko) Chrome/41.0.2272.96 Mobile Safari/537.36 (compatible; Googlebot/2.1; +http://www.google.com/bot.html)"
157.55.39.16 - - [13/Oct/2019:00:25:02 +0200] "GET /robots.txt HTTP/1.1" 200 1202 "-" "Mozilla/5.0 (compatible; bingbot/2.0; +http://www.bing.com/bingbot.htm)"
207.46.13.214 - - [13/Oct/2019:00:25:08 +0200] "GET / HTTP/1.1" 200 11564 "-" "Mozilla/5.0 (compatible; bingbot/2.0; +http://www.bing.com/bingbot.htm)"
66.249.76.92 - - [13/Oct/2019:00:33:07 +0200] "GET /training HTTP/1.1" 200 9378 "-" "Mozilla/5.0 (Linux; Android 6.0.1; Nexus 5X Build/MMB29P) AppleWebKit/537.36 (KHTML, like Gecko) Chrome/41.0.2272.96 Mobile Safari/537.36 (compatible; Googlebot/2.1; +http://www.google.com/bot.html)"
81.228.143.185 - - [13/Oct/2019:00:34:23 +0200] "GET / HTTP/1.1" 200 11564 "-" "Mozilla/5.0 (iPhone; CPU iPhone OS 13_1_2 like Mac OS X) AppleWebKit/605.1.15 (KHTML, like Gecko) Version/13.0.1 Mobile/15E148 Safari/604.1"
157.55.39.153 - - [13/Oct/2019:00:38:58 +0200] "GET /index HTTP/1.1" 200 11557 "-" "Mozilla/5.0 (compatible; bingbot/2.0; +http://www.bing.com/bingbot.htm)"
66.249.75.220 - - [13/Oct/2019:00:42:33 +0200] "GET /training HTTP/1.1" 200 9378 "-" "Mozilla/5.0 (Linux; Android 6.0.1; Nexus 5X Build/MMB29P) AppleWebKit/537.36 (KHTML, like Gecko) Chrome/41.0.2272.96 Mobile Safari/537.36 (compatible; Googlebot/2.1; +http://www.google.com/bot.html)"
66.249.76.92 - - [13/Oct/2019:00:52:48 +0200] "GET /training HTTP/1.1" 200 9378 "-" "Mozilla/5.0 (Linux; Android 6.0.1; Nexus 5X Build/MMB29P) AppleWebKit/537.36 (KHTML, like Gecko) Chrome/41.0.2272.96 Mobile Safari/537.36 (compatible; Googlebot/2.1; +http://www.google.com/bot.html)"
66.249.76.65 - - [13/Oct/2019:01:02:45 +0200] "GET /training HTTP/1.1" 200 9378 "-" "Mozilla/5.0 (Linux; Android 6.0.1; Nexus 5X Build/MMB29P) AppleWebKit/537.36 (KHTML, like Gecko) Chrome/41.0.2272.96 Mobile Safari/537.36 (compatible; Googlebot/2.1; +http://www.google.com/bot.html)"
66.249.76.94 - - [13/Oct/2019:01:12:07 +0200] "GET /robots.txt HTTP/1.1" 200 1202 "-" "Mozilla/5.0 (compatible; Googlebot/2.1; +http://www.google.com/bot.html)"
66.249.75.222 - - [13/Oct/2019:01:12:23 +0200] "GET /training HTTP/1.1" 200 9371 "-" "Mozilla/5.0 (Linux; Android 6.0.1; Nexus 5X Build/MMB29P) AppleWebKit/537.36 (KHTML, like Gecko) Chrome/41.0.2272.96 Mobile Safari/537.36 (compatible; Googlebot/2.1; +http://www.google.com/bot.html)"
66.249.76.65 - - [13/Oct/2019:01:22:43 +0200] "GET /training HTTP/1.1" 200 9378 "-" "Mozilla/5.0 (Linux; Android 6.0.1; Nexus 5X Build/MMB29P) AppleWebKit/537.36 (KHTML, like Gecko) Chrome/41.0.2272.96 Mobile Safari/537.36 (compatible; Googlebot/2.1; +http://www.google.com/bot.html)"
66.249.76.92 - - [13/Oct/2019:01:32:38 +0200] "GET /training HTTP/1.1" 200 9378 "-" "Mozilla/5.0 (Linux; Android 6.0.1; Nexus 5X Build/MMB29P) AppleWebKit/537.36 (KHTML, like Gecko) Chrome/41.0.2272.96 Mobile Safari/537.36 (compatible; Googlebot/2.1; +http://www.google.com/bot.html)"
66.249.76.65 - - [13/Oct/2019:01:42:44 +0200] "GET /training HTTP/1.1" 200 9378 "-" "Mozilla/5.0 (Linux; Android 6.0.1; Nexus 5X Build/MMB29P) AppleWebKit/537.36 (KHTML, like Gecko) Chrome/41.0.2272.96 Mobile Safari/537.36 (compatible; Googlebot/2.1; +http://www.google.com/bot.html)"
66.249.75.193 - - [13/Oct/2019:01:52:42 +0200] "GET /training HTTP/1.1" 200 9378 "-" "Mozilla/5.0 (Linux; Android 6.0.1; Nexus 5X Build/MMB29P) AppleWebKit/537.36 (KHTML, like Gecko) Chrome/41.0.2272.96 Mobile Safari/537.36 (compatible; Googlebot/2.1; +http://www.google.com/bot.html)"
66.249.76.65 - - [13/Oct/2019:02:02:44 +0200] "GET /training HTTP/1.1" 200 9371 "-" "Mozilla/5.0 (Linux; Android 6.0.1; Nexus 5X Build/MMB29P) AppleWebKit/537.36 (KHTML, like Gecko) Chrome/41.0.2272.96 Mobile Safari/537.36 (compatible; Googlebot/2.1; +http://www.google.com/bot.html)"
66.249.76.65 - - [13/Oct/2019:02:12:11 +0200] "GET /robots.txt HTTP/1.1" 200 1202 "-" "Mozilla/5.0 (compatible; Googlebot/2.1; +http://www.google.com/bot.html)"
66.249.76.92 - - [13/Oct/2019:02:13:33 +0200] "GET /training HTTP/1.1" 200 9371 "-" "Mozilla/5.0 (Linux; Android 6.0.1; Nexus 5X Build/MMB29P) AppleWebKit/537.36 (KHTML, like Gecko) Chrome/41.0.2272.96 Mobile Safari/537.36 (compatible; Googlebot/2.1; +http://www.google.com/bot.html)"
66.249.76.65 - - [13/Oct/2019:02:22:47 +0200] "GET /training HTTP/1.1" 200 9378 "-" "Mozilla/5.0 (Linux; Android 6.0.1; Nexus 5X Build/MMB29P) AppleWebKit/537.36 (KHTML, like Gecko) Chrome/41.0.2272.96 Mobile Safari/537.36 (compatible; Googlebot/2.1; +http://www.google.com/bot.html)"
66.249.76.65 - - [13/Oct/2019:02:32:42 +0200] "GET /training HTTP/1.1" 200 9378 "-" "Mozilla/5.0 (Linux; Android 6.0.1; Nexus 5X Build/MMB29P) AppleWebKit/537.36 (KHTML, like Gecko) Chrome/41.0.2272.96 Mobile Safari/537.36 (compatible; Googlebot/2.1; +http://www.google.com/bot.html)"
66.249.76.92 - - [13/Oct/2019:02:43:03 +0200] "GET /training HTTP/1.1" 200 9378 "-" "Mozilla/5.0 (Linux; Android 6.0.1; Nexus 5X Build/MMB29P) AppleWebKit/537.36 (KHTML, like Gecko) Chrome/41.0.2272.96 Mobile Safari/537.36 (compatible; Googlebot/2.1; +http://www.google.com/bot.html)"
66.249.76.94 - - [13/Oct/2019:02:54:30 +0200] "GET /training HTTP/1.1" 200 9378 "-" "Mozilla/5.0 (Linux; Android 6.0.1; Nexus 5X Build/MMB29P) AppleWebKit/537.36 (KHTML, like Gecko) Chrome/41.0.2272.96 Mobile Safari/537.36 (compatible; Googlebot/2.1; +http://www.google.com/bot.html)"
66.249.76.65 - - [13/Oct/2019:03:06:08 +0200] "GET /training HTTP/1.1" 200 9378 "-" "Mozilla/5.0 (Linux; Android 6.0.1; Nexus 5X Build/MMB29P) AppleWebKit/537.36 (KHTML, like Gecko) Chrome/41.0.2272.96 Mobile Safari/537.36 (compatible; Googlebot/2.1; +http://www.google.com/bot.html)"
66.249.75.193 - - [13/Oct/2019:03:12:18 +0200] "GET /robots.txt HTTP/1.1" 200 1202 "-" "Mozilla/5.0 (compatible; Googlebot/2.1; +http://www.google.com/bot.html)"
66.249.76.92 - - [13/Oct/2019:03:13:02 +0200] "GET /training HTTP/1.1" 200 9378 "-" "Mozilla/5.0 (Linux; Android 6.0.1; Nexus 5X Build/MMB29P) AppleWebKit/537.36 (KHTML, like Gecko) Chrome/41.0.2272.96 Mobile Safari/537.36 (compatible; Googlebot/2.1; +http://www.google.com/bot.html)"
66.249.75.220 - - [13/Oct/2019:03:22:27 +0200] "GET /training HTTP/1.1" 200 9371 "-" "Mozilla/5.0 (Linux; Android 6.0.1; Nexus 5X Build/MMB29P) AppleWebKit/537.36 (KHTML, like Gecko) Chrome/41.0.2272.96 Mobile Safari/537.36 (compatible; Googlebot/2.1; +http://www.google.com/bot.html)"
66.249.76.92 - - [13/Oct/2019:03:32:57 +0200] "GET /training HTTP/1.1" 200 9378 "-" "Mozilla/5.0 (Linux; Android 6.0.1; Nexus 5X Build/MMB29P) AppleWebKit/537.36 (KHTML, like Gecko) Chrome/41.0.2272.96 Mobile Safari/537.36 (compatible; Googlebot/2.1; +http://www.google.com/bot.html)"
66.249.76.94 - - [13/Oct/2019:03:52:58 +0200] "GET /training HTTP/1.1" 200 9371 "-" "Mozilla/5.0 (Linux; Android 6.0.1; Nexus 5X Build/MMB29P) AppleWebKit/537.36 (KHTML, like Gecko) Chrome/41.0.2272.96 Mobile Safari/537.36 (compatible; Googlebot/2.1; +http://www.google.com/bot.html)"
2.67.172.239 - - [13/Oct/2019:03:57:02 +0200] "GET /css/jquery.fancybox.min.css HTTP/1.1" 200 13074 "http://site.mantorpgym.se/index" "Mozilla/5.0 (Windows NT 6.3; Win64; x64) AppleWebKit/537.36 (KHTML, like Gecko) Chrome/76.0.3809.132 Safari/537.36 OPR/63.0.3368.107"
2.67.172.239 - - [13/Oct/2019:03:57:02 +0200] "GET /css/menuStyle.css HTTP/1.1" 200 3239 "http://site.mantorpgym.se/index" "Mozilla/5.0 (Windows NT 6.3; Win64; x64) AppleWebKit/537.36 (KHTML, like Gecko) Chrome/76.0.3809.132 Safari/537.36 OPR/63.0.3368.107"
2.67.172.239 - - [13/Oct/2019:03:57:02 +0200] "GET /css/popupStyle.css HTTP/1.1" 200 2504 "http://site.mantorpgym.se/index" "Mozilla/5.0 (Windows NT 6.3; Win64; x64) AppleWebKit/537.36 (KHTML, like Gecko) Chrome/76.0.3809.132 Safari/537.36 OPR/63.0.3368.107"
2.67.172.239 - - [13/Oct/2019:03:57:02 +0200] "GET /css/style.css HTTP/1.1" 200 12239 "http://site.mantorpgym.se/index" "Mozilla/5.0 (Windows NT 6.3; Win64; x64) AppleWebKit/537.36 (KHTML, like Gecko) Chrome/76.0.3809.132 Safari/537.36 OPR/63.0.3368.107"
2.67.172.239 - - [13/Oct/2019:03:57:02 +0200] "GET /img/logo.png HTTP/1.1" 200 190624 "http://site.mantorpgym.se/index" "Mozilla/5.0 (Windows NT 6.3; Win64; x64) AppleWebKit/537.36 (KHTML, like Gecko) Chrome/76.0.3809.132 Safari/537.36 OPR/63.0.3368.107"
2.67.172.239 - - [13/Oct/2019:03:57:02 +0200] "GET /index HTTP/1.1" 200 11500 "http://site.mantorpgym.se/index" "Mozilla/5.0 (Windows NT 6.3; Win64; x64) AppleWebKit/537.36 (KHTML, like Gecko) Chrome/76.0.3809.132 Safari/537.36 OPR/63.0.3368.107"
2.67.172.239 - - [13/Oct/2019:03:57:02 +0200] "GET /js/jquery.fancybox.min.js HTTP/1.1" 200 68540 "http://site.mantorpgym.se/index" "Mozilla/5.0 (Windows NT 6.3; Win64; x64) AppleWebKit/537.36 (KHTML, like Gecko) Chrome/76.0.3809.132 Safari/537.36 OPR/63.0.3368.107"
2.67.172.239 - - [13/Oct/2019:03:57:02 +0200] "GET /js/popup.js HTTP/1.1" 200 1250 "http://site.mantorpgym.se/index" "Mozilla/5.0 (Windows NT 6.3; Win64; x64) AppleWebKit/537.36 (KHTML, like Gecko) Chrome/76.0.3809.132 Safari/537.36 OPR/63.0.3368.107"
2.67.172.239 - - [13/Oct/2019:03:57:02 +0200] "GET /js/swiper.js?v=2.1 HTTP/1.1" 200 738 "http://site.mantorpgym.se/index" "Mozilla/5.0 (Windows NT 6.3; Win64; x64) AppleWebKit/537.36 (KHTML, like Gecko) Chrome/76.0.3809.132 Safari/537.36 OPR/63.0.3368.107"
2.67.172.239 - - [13/Oct/2019:03:57:02 +0200] "GET /node_modules/jquery/dist/jquery.min.js HTTP/1.1" 200 87237 "http://site.mantorpgym.se/index" "Mozilla/5.0 (Windows NT 6.3; Win64; x64) AppleWebKit/537.36 (KHTML, like Gecko) Chrome/76.0.3809.132 Safari/537.36 OPR/63.0.3368.107"
2.67.172.239 - - [13/Oct/2019:03:57:02 +0200] "GET /node_modules/swiper/dist/css/swiper.min.css HTTP/1.1" 200 20056 "http://site.mantorpgym.se/index" "Mozilla/5.0 (Windows NT 6.3; Win64; x64) AppleWebKit/537.36 (KHTML, like Gecko) Chrome/76.0.3809.132 Safari/537.36 OPR/63.0.3368.107"
2.67.172.239 - - [13/Oct/2019:03:57:02 +0200] "GET /node_modules/swiper/dist/js/swiper.min.js HTTP/1.1" 200 125028 "http://site.mantorpgym.se/index" "Mozilla/5.0 (Windows NT 6.3; Win64; x64) AppleWebKit/537.36 (KHTML, like Gecko) Chrome/76.0.3809.132 Safari/537.36 OPR/63.0.3368.107"
2.67.172.239 - - [13/Oct/2019:03:57:02 +0200] "GET /uploads/2270-desktop213.jpg HTTP/1.1" 200 1202594 "http://site.mantorpgym.se/index" "Mozilla/5.0 (Windows NT 6.3; Win64; x64) AppleWebKit/537.36 (KHTML, like Gecko) Chrome/76.0.3809.132 Safari/537.36 OPR/63.0.3368.107"
2.67.172.239 - - [13/Oct/2019:03:57:02 +0200] "GET /uploads/kettlebells1533.jpg HTTP/1.1" 200 216729 "http://site.mantorpgym.se/index" "Mozilla/5.0 (Windows NT 6.3; Win64; x64) AppleWebKit/537.36 (KHTML, like Gecko) Chrome/76.0.3809.132 Safari/537.36 OPR/63.0.3368.107"
2.67.172.239 - - [13/Oct/2019:03:57:03 +0200] "GET /fonts/Nexa%20Light.otf HTTP/1.1" 200 30326 "http://site.mantorpgym.se/css/style.css" "Mozilla/5.0 (Windows NT 6.3; Win64; x64) AppleWebKit/537.36 (KHTML, like Gecko) Chrome/76.0.3809.132 Safari/537.36 OPR/63.0.3368.107"
2.67.172.239 - - [13/Oct/2019:03:57:04 +0200] "GET /fonts/Nexa%20Bold.otf HTTP/1.1" 200 30710 "http://site.mantorpgym.se/css/style.css" "Mozilla/5.0 (Windows NT 6.3; Win64; x64) AppleWebKit/537.36 (KHTML, like Gecko) Chrome/76.0.3809.132 Safari/537.36 OPR/63.0.3368.107"
2.67.172.239 - - [13/Oct/2019:03:57:04 +0200] "GET /img/IMG_92552.jpg HTTP/1.1" 200 225084 "http://site.mantorpgym.se/css/style.css" "Mozilla/5.0 (Windows NT 6.3; Win64; x64) AppleWebKit/537.36 (KHTML, like Gecko) Chrome/76.0.3809.132 Safari/537.36 OPR/63.0.3368.107"
2.67.172.239 - - [13/Oct/2019:03:57:04 +0200] "GET /uploads/IMG_9264.jpg HTTP/1.1" 200 1475407 "http://site.mantorpgym.se/index" "Mozilla/5.0 (Windows NT 6.3; Win64; x64) AppleWebKit/537.36 (KHTML, like Gecko) Chrome/76.0.3809.132 Safari/537.36 OPR/63.0.3368.107"
2.67.172.239 - - [13/Oct/2019:03:57:04 +0200] "GET /uploads/IMG_93069731.jpg HTTP/1.1" 200 1383555 "http://site.mantorpgym.se/index" "Mozilla/5.0 (Windows NT 6.3; Win64; x64) AppleWebKit/537.36 (KHTML, like Gecko) Chrome/76.0.3809.132 Safari/537.36 OPR/63.0.3368.107"
2.67.172.239 - - [13/Oct/2019:03:57:05 +0200] "GET /uploads/IMG_92834116.jpg HTTP/1.1" 200 1293504 "http://site.mantorpgym.se/index" "Mozilla/5.0 (Windows NT 6.3; Win64; x64) AppleWebKit/537.36 (KHTML, like Gecko) Chrome/76.0.3809.132 Safari/537.36 OPR/63.0.3368.107"
2.67.172.239 - - [13/Oct/2019:03:57:05 +0200] "GET /uploads/IMG_92912059.jpg HTTP/1.1" 200 1287773 "http://site.mantorpgym.se/index" "Mozilla/5.0 (Windows NT 6.3; Win64; x64) AppleWebKit/537.36 (KHTML, like Gecko) Chrome/76.0.3809.132 Safari/537.36 OPR/63.0.3368.107"
2.67.172.239 - - [13/Oct/2019:03:57:08 +0200] "GET /uploads/IMG_93164765.jpg HTTP/1.1" 200 1524968 "http://site.mantorpgym.se/index" "Mozilla/5.0 (Windows NT 6.3; Win64; x64) AppleWebKit/537.36 (KHTML, like Gecko) Chrome/76.0.3809.132 Safari/537.36 OPR/63.0.3368.107"
2.67.172.239 - - [13/Oct/2019:03:57:17 +0200] "GET /uploads/IMG_92693509.jpg HTTP/1.1" 200 1448893 "http://site.mantorpgym.se/index" "Mozilla/5.0 (Windows NT 6.3; Win64; x64) AppleWebKit/537.36 (KHTML, like Gecko) Chrome/76.0.3809.132 Safari/537.36 OPR/63.0.3368.107"
2.67.172.239 - - [13/Oct/2019:03:57:25 +0200] "GET /uploads/IMG_92503685.jpg HTTP/1.1" 200 353317 "http://site.mantorpgym.se/index" "Mozilla/5.0 (Windows NT 6.3; Win64; x64) AppleWebKit/537.36 (KHTML, like Gecko) Chrome/76.0.3809.132 Safari/537.36 OPR/63.0.3368.107"
2.67.172.239 - - [13/Oct/2019:03:57:29 +0200] "GET /uploads/IMG_92982721.jpg HTTP/1.1" 200 1053137 "http://site.mantorpgym.se/index" "Mozilla/5.0 (Windows NT 6.3; Win64; x64) AppleWebKit/537.36 (KHTML, like Gecko) Chrome/76.0.3809.132 Safari/537.36 OPR/63.0.3368.107"
2.67.172.239 - - [13/Oct/2019:03:57:29 +0200] "GET /uploads/IMG_93016721.jpg HTTP/1.1" 200 401596 "http://site.mantorpgym.se/index" "Mozilla/5.0 (Windows NT 6.3; Win64; x64) AppleWebKit/537.36 (KHTML, like Gecko) Chrome/76.0.3809.132 Safari/537.36 OPR/63.0.3368.107"
66.249.76.65 - - [13/Oct/2019:04:04:14 +0200] "GET /training HTTP/1.1" 200 9378 "-" "Mozilla/5.0 (Linux; Android 6.0.1; Nexus 5X Build/MMB29P) AppleWebKit/537.36 (KHTML, like Gecko) Chrome/41.0.2272.96 Mobile Safari/537.36 (compatible; Googlebot/2.1; +http://www.google.com/bot.html)"
66.249.76.65 - - [13/Oct/2019:04:05:02 +0200] "GET /uploads/IMG_9264.jpg HTTP/1.1" 304 176 "-" "Googlebot-Image/1.0"
66.249.75.193 - - [13/Oct/2019:04:13:22 +0200] "GET /robots.txt HTTP/1.1" 200 1202 "-" "Mozilla/5.0 (compatible; Googlebot/2.1; +http://www.google.com/bot.html)"
66.249.76.94 - - [13/Oct/2019:04:13:41 +0200] "GET /training HTTP/1.1" 200 9378 "-" "Mozilla/5.0 (Linux; Android 6.0.1; Nexus 5X Build/MMB29P) AppleWebKit/537.36 (KHTML, like Gecko) Chrome/41.0.2272.96 Mobile Safari/537.36 (compatible; Googlebot/2.1; +http://www.google.com/bot.html)"
66.249.76.94 - - [13/Oct/2019:04:32:23 +0200] "GET /training HTTP/1.1" 200 9378 "-" "Mozilla/5.0 (Linux; Android 6.0.1; Nexus 5X Build/MMB29P) AppleWebKit/537.36 (KHTML, like Gecko) Chrome/41.0.2272.96 Mobile Safari/537.36 (compatible; Googlebot/2.1; +http://www.google.com/bot.html)"
66.249.76.92 - - [13/Oct/2019:04:42:51 +0200] "GET /training HTTP/1.1" 200 9378 "-" "Mozilla/5.0 (Linux; Android 6.0.1; Nexus 5X Build/MMB29P) AppleWebKit/537.36 (KHTML, like Gecko) Chrome/41.0.2272.96 Mobile Safari/537.36 (compatible; Googlebot/2.1; +http://www.google.com/bot.html)"
66.249.76.94 - - [13/Oct/2019:04:53:15 +0200] "GET /training HTTP/1.1" 200 9378 "-" "Mozilla/5.0 (Linux; Android 6.0.1; Nexus 5X Build/MMB29P) AppleWebKit/537.36 (KHTML, like Gecko) Chrome/41.0.2272.96 Mobile Safari/537.36 (compatible; Googlebot/2.1; +http://www.google.com/bot.html)"
66.249.76.94 - - [13/Oct/2019:05:03:11 +0200] "GET /training HTTP/1.1" 200 9378 "-" "Mozilla/5.0 (Linux; Android 6.0.1; Nexus 5X Build/MMB29P) AppleWebKit/537.36 (KHTML, like Gecko) Chrome/41.0.2272.96 Mobile Safari/537.36 (compatible; Googlebot/2.1; +http://www.google.com/bot.html)"
66.249.76.94 - - [13/Oct/2019:05:12:32 +0200] "GET /training HTTP/1.1" 200 9378 "-" "Mozilla/5.0 (Linux; Android 6.0.1; Nexus 5X Build/MMB29P) AppleWebKit/537.36 (KHTML, like Gecko) Chrome/41.0.2272.96 Mobile Safari/537.36 (compatible; Googlebot/2.1; +http://www.google.com/bot.html)"
207.46.13.0 - - [13/Oct/2019:05:14:29 +0200] "GET /kontakt HTTP/1.1" 200 6171 "-" "Mozilla/5.0 (compatible; bingbot/2.0; +http://www.bing.com/bingbot.htm)"
40.77.188.60 - - [13/Oct/2019:05:14:30 +0200] "GET /css/leafletStyle.css HTTP/1.1" 200 487 "-" "Mozilla/5.0 (Windows NT 6.1; WOW64) AppleWebKit/534+ (KHTML, like Gecko) BingPreview/1.0b"
40.77.190.223 - - [13/Oct/2019:05:14:31 +0200] "GET /node_modules/jquery/dist/jquery.min.js HTTP/1.1" 200 87237 "-" "Mozilla/5.0 (Windows NT 6.1; WOW64) AppleWebKit/534+ (KHTML, like Gecko) BingPreview/1.0b"
40.77.188.125 - - [13/Oct/2019:05:14:32 +0200] "GET /fonts/Nexa%20Light.otf HTTP/1.1" 200 30326 "-" "Mozilla/5.0 (Windows NT 6.1; WOW64) AppleWebKit/534+ (KHTML, like Gecko) BingPreview/1.0b"
40.77.188.125 - - [13/Oct/2019:05:14:32 +0200] "GET /js/leaflet.js HTTP/1.1" 200 2385 "-" "Mozilla/5.0 (Windows NT 6.1; WOW64) AppleWebKit/534+ (KHTML, like Gecko) BingPreview/1.0b"
40.77.188.168 - - [13/Oct/2019:05:14:33 +0200] "GET /js/jquery.keepFormData.min.js HTTP/1.1" 200 4772 "-" "Mozilla/5.0 (Windows NT 6.1; WOW64) AppleWebKit/534+ (KHTML, like Gecko) BingPreview/1.0b"
40.77.188.60 - - [13/Oct/2019:05:14:33 +0200] "GET /js/main.js?v=2.1 HTTP/1.1" 200 1202 "-" "Mozilla/5.0 (Windows NT 6.1; WOW64) AppleWebKit/534+ (KHTML, like Gecko) BingPreview/1.0b"
66.249.76.94 - - [13/Oct/2019:05:22:12 +0200] "GET /robots.txt HTTP/1.1" 200 1202 "-" "Mozilla/5.0 (compatible; Googlebot/2.1; +http://www.google.com/bot.html)"
66.249.76.94 - - [13/Oct/2019:05:22:39 +0200] "GET /training HTTP/1.1" 200 9378 "-" "Mozilla/5.0 (Linux; Android 6.0.1; Nexus 5X Build/MMB29P) AppleWebKit/537.36 (KHTML, like Gecko) Chrome/41.0.2272.96 Mobile Safari/537.36 (compatible; Googlebot/2.1; +http://www.google.com/bot.html)"
157.55.39.220 - - [13/Oct/2019:05:24:58 +0200] "GET /training HTTP/1.1" 200 9378 "-" "Mozilla/5.0 (compatible; bingbot/2.0; +http://www.bing.com/bingbot.htm)"
40.77.189.50 - - [13/Oct/2019:05:24:59 +0200] "GET /js/training.js HTTP/1.1" 200 817 "-" "Mozilla/5.0 (Windows NT 6.1; WOW64) AppleWebKit/534+ (KHTML, like Gecko) BingPreview/1.0b"
66.249.76.65 - - [13/Oct/2019:05:33:18 +0200] "GET /training HTTP/1.1" 200 9378 "-" "Mozilla/5.0 (Linux; Android 6.0.1; Nexus 5X Build/MMB29P) AppleWebKit/537.36 (KHTML, like Gecko) Chrome/41.0.2272.96 Mobile Safari/537.36 (compatible; Googlebot/2.1; +http://www.google.com/bot.html)"
66.249.76.92 - - [13/Oct/2019:05:42:30 +0200] "GET /training HTTP/1.1" 200 9378 "-" "Mozilla/5.0 (Linux; Android 6.0.1; Nexus 5X Build/MMB29P) AppleWebKit/537.36 (KHTML, like Gecko) Chrome/41.0.2272.96 Mobile Safari/537.36 (compatible; Googlebot/2.1; +http://www.google.com/bot.html)"
66.249.76.94 - - [13/Oct/2019:05:52:53 +0200] "GET /training HTTP/1.1" 200 9378 "-" "Mozilla/5.0 (Linux; Android 6.0.1; Nexus 5X Build/MMB29P) AppleWebKit/537.36 (KHTML, like Gecko) Chrome/41.0.2272.96 Mobile Safari/537.36 (compatible; Googlebot/2.1; +http://www.google.com/bot.html)"
66.249.76.92 - - [13/Oct/2019:06:06:21 +0200] "GET /training HTTP/1.1" 200 9378 "-" "Mozilla/5.0 (Linux; Android 6.0.1; Nexus 5X Build/MMB29P) AppleWebKit/537.36 (KHTML, like Gecko) Chrome/41.0.2272.96 Mobile Safari/537.36 (compatible; Googlebot/2.1; +http://www.google.com/bot.html)"
66.249.76.92 - - [13/Oct/2019:06:16:29 +0200] "GET /training HTTP/1.1" 200 9371 "-" "Mozilla/5.0 (Linux; Android 6.0.1; Nexus 5X Build/MMB29P) AppleWebKit/537.36 (KHTML, like Gecko) Chrome/41.0.2272.96 Mobile Safari/537.36 (compatible; Googlebot/2.1; +http://www.google.com/bot.html)"
66.249.76.65 - - [13/Oct/2019:06:23:05 +0200] "GET /robots.txt HTTP/1.1" 200 1202 "-" "Mozilla/5.0 (compatible; Googlebot/2.1; +http://www.google.com/bot.html)"
66.249.76.92 - - [13/Oct/2019:06:23:52 +0200] "GET /training HTTP/1.1" 200 9378 "-" "Mozilla/5.0 (Linux; Android 6.0.1; Nexus 5X Build/MMB29P) AppleWebKit/537.36 (KHTML, like Gecko) Chrome/41.0.2272.96 Mobile Safari/537.36 (compatible; Googlebot/2.1; +http://www.google.com/bot.html)"
66.249.76.94 - - [13/Oct/2019:06:33:32 +0200] "GET /training HTTP/1.1" 200 9378 "-" "Mozilla/5.0 (Linux; Android 6.0.1; Nexus 5X Build/MMB29P) AppleWebKit/537.36 (KHTML, like Gecko) Chrome/41.0.2272.96 Mobile Safari/537.36 (compatible; Googlebot/2.1; +http://www.google.com/bot.html)"
155.4.15.80 - - [13/Oct/2019:06:34:48 +0200] "GET /css/jquery.fancybox.min.css HTTP/1.1" 200 13074 "http://site.mantorpgym.se/" "Mozilla/5.0 (iPhone; CPU iPhone OS 12_3_1 like Mac OS X) AppleWebKit/605.1.15 (KHTML, like Gecko) Version/12.1.1 Mobile/15E148 Safari/604.1"
155.4.15.80 - - [13/Oct/2019:06:34:48 +0200] "GET /css/menuStyle.css HTTP/1.1" 200 3239 "http://site.mantorpgym.se/" "Mozilla/5.0 (iPhone; CPU iPhone OS 12_3_1 like Mac OS X) AppleWebKit/605.1.15 (KHTML, like Gecko) Version/12.1.1 Mobile/15E148 Safari/604.1"
155.4.15.80 - - [13/Oct/2019:06:34:48 +0200] "GET /css/popupStyle.css HTTP/1.1" 200 2504 "http://site.mantorpgym.se/" "Mozilla/5.0 (iPhone; CPU iPhone OS 12_3_1 like Mac OS X) AppleWebKit/605.1.15 (KHTML, like Gecko) Version/12.1.1 Mobile/15E148 Safari/604.1"
155.4.15.80 - - [13/Oct/2019:06:34:48 +0200] "GET /css/style.css HTTP/1.1" 200 12239 "http://site.mantorpgym.se/" "Mozilla/5.0 (iPhone; CPU iPhone OS 12_3_1 like Mac OS X) AppleWebKit/605.1.15 (KHTML, like Gecko) Version/12.1.1 Mobile/15E148 Safari/604.1"
155.4.15.80 - - [13/Oct/2019:06:34:48 +0200] "GET /fonts/Nexa%20Bold.otf HTTP/1.1" 200 30710 "http://site.mantorpgym.se/" "Mozilla/5.0 (iPhone; CPU iPhone OS 12_3_1 like Mac OS X) AppleWebKit/605.1.15 (KHTML, like Gecko) Version/12.1.1 Mobile/15E148 Safari/604.1"
155.4.15.80 - - [13/Oct/2019:06:34:48 +0200] "GET /fonts/Nexa%20Light.otf HTTP/1.1" 200 30326 "http://site.mantorpgym.se/" "Mozilla/5.0 (iPhone; CPU iPhone OS 12_3_1 like Mac OS X) AppleWebKit/605.1.15 (KHTML, like Gecko) Version/12.1.1 Mobile/15E148 Safari/604.1"
155.4.15.80 - - [13/Oct/2019:06:34:48 +0200] "GET / HTTP/1.1" 200 11564 "http://www.mantorpgym.se/" "Mozilla/5.0 (iPhone; CPU iPhone OS 12_3_1 like Mac OS X) AppleWebKit/605.1.15 (KHTML, like Gecko) Version/12.1.1 Mobile/15E148 Safari/604.1"
155.4.15.80 - - [13/Oct/2019:06:34:48 +0200] "GET /img/logo.png HTTP/1.1" 200 190624 "http://site.mantorpgym.se/" "Mozilla/5.0 (iPhone; CPU iPhone OS 12_3_1 like Mac OS X) AppleWebKit/605.1.15 (KHTML, like Gecko) Version/12.1.1 Mobile/15E148 Safari/604.1"
155.4.15.80 - - [13/Oct/2019:06:34:48 +0200] "GET /js/jquery.fancybox.min.js HTTP/1.1" 200 68540 "http://site.mantorpgym.se/" "Mozilla/5.0 (iPhone; CPU iPhone OS 12_3_1 like Mac OS X) AppleWebKit/605.1.15 (KHTML, like Gecko) Version/12.1.1 Mobile/15E148 Safari/604.1"
155.4.15.80 - - [13/Oct/2019:06:34:48 +0200] "GET /js/popup.js HTTP/1.1" 200 1250 "http://site.mantorpgym.se/" "Mozilla/5.0 (iPhone; CPU iPhone OS 12_3_1 like Mac OS X) AppleWebKit/605.1.15 (KHTML, like Gecko) Version/12.1.1 Mobile/15E148 Safari/604.1"
155.4.15.80 - - [13/Oct/2019:06:34:48 +0200] "GET /js/swiper.js?v=2.1 HTTP/1.1" 200 738 "http://site.mantorpgym.se/" "Mozilla/5.0 (iPhone; CPU iPhone OS 12_3_1 like Mac OS X) AppleWebKit/605.1.15 (KHTML, like Gecko) Version/12.1.1 Mobile/15E148 Safari/604.1"
155.4.15.80 - - [13/Oct/2019:06:34:48 +0200] "GET /node_modules/jquery/dist/jquery.min.js HTTP/1.1" 200 87237 "http://site.mantorpgym.se/" "Mozilla/5.0 (iPhone; CPU iPhone OS 12_3_1 like Mac OS X) AppleWebKit/605.1.15 (KHTML, like Gecko) Version/12.1.1 Mobile/15E148 Safari/604.1"
155.4.15.80 - - [13/Oct/2019:06:34:48 +0200] "GET /node_modules/swiper/dist/css/swiper.min.css HTTP/1.1" 200 20056 "http://site.mantorpgym.se/" "Mozilla/5.0 (iPhone; CPU iPhone OS 12_3_1 like Mac OS X) AppleWebKit/605.1.15 (KHTML, like Gecko) Version/12.1.1 Mobile/15E148 Safari/604.1"
155.4.15.80 - - [13/Oct/2019:06:34:48 +0200] "GET /node_modules/swiper/dist/js/swiper.min.js HTTP/1.1" 200 125028 "http://site.mantorpgym.se/" "Mozilla/5.0 (iPhone; CPU iPhone OS 12_3_1 like Mac OS X) AppleWebKit/605.1.15 (KHTML, like Gecko) Version/12.1.1 Mobile/15E148 Safari/604.1"
155.4.15.80 - - [13/Oct/2019:06:34:48 +0200] "GET /uploads/2270-desktop213.jpg HTTP/1.1" 200 1202594 "http://site.mantorpgym.se/" "Mozilla/5.0 (iPhone; CPU iPhone OS 12_3_1 like Mac OS X) AppleWebKit/605.1.15 (KHTML, like Gecko) Version/12.1.1 Mobile/15E148 Safari/604.1"
155.4.15.80 - - [13/Oct/2019:06:34:48 +0200] "GET /uploads/IMG_9264.jpg HTTP/1.1" 200 1475407 "http://site.mantorpgym.se/" "Mozilla/5.0 (iPhone; CPU iPhone OS 12_3_1 like Mac OS X) AppleWebKit/605.1.15 (KHTML, like Gecko) Version/12.1.1 Mobile/15E148 Safari/604.1"
155.4.15.80 - - [13/Oct/2019:06:34:48 +0200] "GET /uploads/IMG_92834116.jpg HTTP/1.1" 200 1293504 "http://site.mantorpgym.se/" "Mozilla/5.0 (iPhone; CPU iPhone OS 12_3_1 like Mac OS X) AppleWebKit/605.1.15 (KHTML, like Gecko) Version/12.1.1 Mobile/15E148 Safari/604.1"
155.4.15.80 - - [13/Oct/2019:06:34:48 +0200] "GET /uploads/IMG_92912059.jpg HTTP/1.1" 200 1287773 "http://site.mantorpgym.se/" "Mozilla/5.0 (iPhone; CPU iPhone OS 12_3_1 like Mac OS X) AppleWebKit/605.1.15 (KHTML, like Gecko) Version/12.1.1 Mobile/15E148 Safari/604.1"
155.4.15.80 - - [13/Oct/2019:06:34:48 +0200] "GET /uploads/IMG_93069731.jpg HTTP/1.1" 200 1383555 "http://site.mantorpgym.se/" "Mozilla/5.0 (iPhone; CPU iPhone OS 12_3_1 like Mac OS X) AppleWebKit/605.1.15 (KHTML, like Gecko) Version/12.1.1 Mobile/15E148 Safari/604.1"
155.4.15.80 - - [13/Oct/2019:06:34:48 +0200] "GET /uploads/kettlebells1533.jpg HTTP/1.1" 200 216729 "http://site.mantorpgym.se/" "Mozilla/5.0 (iPhone; CPU iPhone OS 12_3_1 like Mac OS X) AppleWebKit/605.1.15 (KHTML, like Gecko) Version/12.1.1 Mobile/15E148 Safari/604.1"
155.4.15.80 - - [13/Oct/2019:06:34:49 +0200] "GET /uploads/IMG_92693509.jpg HTTP/1.1" 200 1448893 "http://site.mantorpgym.se/" "Mozilla/5.0 (iPhone; CPU iPhone OS 12_3_1 like Mac OS X) AppleWebKit/605.1.15 (KHTML, like Gecko) Version/12.1.1 Mobile/15E148 Safari/604.1"
155.4.15.80 - - [13/Oct/2019:06:34:49 +0200] "GET /uploads/IMG_92982721.jpg HTTP/1.1" 200 1053137 "http://site.mantorpgym.se/" "Mozilla/5.0 (iPhone; CPU iPhone OS 12_3_1 like Mac OS X) AppleWebKit/605.1.15 (KHTML, like Gecko) Version/12.1.1 Mobile/15E148 Safari/604.1"
155.4.15.80 - - [13/Oct/2019:06:34:49 +0200] "GET /uploads/IMG_93164765.jpg HTTP/1.1" 200 1524968 "http://site.mantorpgym.se/" "Mozilla/5.0 (iPhone; CPU iPhone OS 12_3_1 like Mac OS X) AppleWebKit/605.1.15 (KHTML, like Gecko) Version/12.1.1 Mobile/15E148 Safari/604.1"
155.4.15.80 - - [13/Oct/2019:06:34:50 +0200] "GET /uploads/IMG_92503685.jpg HTTP/1.1" 200 1133660 "http://site.mantorpgym.se/" "Mozilla/5.0 (iPhone; CPU iPhone OS 12_3_1 like Mac OS X) AppleWebKit/605.1.15 (KHTML, like Gecko) Version/12.1.1 Mobile/15E148 Safari/604.1"
155.4.15.80 - - [13/Oct/2019:06:34:50 +0200] "GET /uploads/IMG_93016721.jpg HTTP/1.1" 200 1045754 "http://site.mantorpgym.se/" "Mozilla/5.0 (iPhone; CPU iPhone OS 12_3_1 like Mac OS X) AppleWebKit/605.1.15 (KHTML, like Gecko) Version/12.1.1 Mobile/15E148 Safari/604.1"
155.4.15.80 - - [13/Oct/2019:06:34:51 +0200] "GET /img/IMG_92552.jpg HTTP/1.1" 200 225084 "http://site.mantorpgym.se/" "Mozilla/5.0 (iPhone; CPU iPhone OS 12_3_1 like Mac OS X) AppleWebKit/605.1.15 (KHTML, like Gecko) Version/12.1.1 Mobile/15E148 Safari/604.1"
155.4.15.80 - - [13/Oct/2019:06:35:53 +0200] "GET /priser HTTP/1.1" 200 13041 "http://site.mantorpgym.se/" "Mozilla/5.0 (iPhone; CPU iPhone OS 12_3_1 like Mac OS X) AppleWebKit/605.1.15 (KHTML, like Gecko) Version/12.1.1 Mobile/15E148 Safari/604.1"
155.4.15.80 - - [13/Oct/2019:06:35:54 +0200] "GET /js/leaflet.js?v=2.1 HTTP/1.1" 200 2385 "http://site.mantorpgym.se/priser" "Mozilla/5.0 (iPhone; CPU iPhone OS 12_3_1 like Mac OS X) AppleWebKit/605.1.15 (KHTML, like Gecko) Version/12.1.1 Mobile/15E148 Safari/604.1"
155.4.15.80 - - [13/Oct/2019:06:35:54 +0200] "GET /js/main.js?v=2.1 HTTP/1.1" 200 1138 "http://site.mantorpgym.se/priser" "Mozilla/5.0 (iPhone; CPU iPhone OS 12_3_1 like Mac OS X) AppleWebKit/605.1.15 (KHTML, like Gecko) Version/12.1.1 Mobile/15E148 Safari/604.1"
66.249.76.65 - - [13/Oct/2019:06:43:40 +0200] "GET /training HTTP/1.1" 200 9378 "-" "Mozilla/5.0 (Linux; Android 6.0.1; Nexus 5X Build/MMB29P) AppleWebKit/537.36 (KHTML, like Gecko) Chrome/41.0.2272.96 Mobile Safari/537.36 (compatible; Googlebot/2.1; +http://www.google.com/bot.html)"
207.46.13.200 - - [13/Oct/2019:06:44:44 +0200] "GET /priser HTTP/1.1" 200 13105 "-" "Mozilla/5.0 (compatible; bingbot/2.0; +http://www.bing.com/bingbot.htm)"
40.77.188.30 - - [13/Oct/2019:06:44:45 +0200] "GET /js/leaflet.js?v=2.1 HTTP/1.1" 200 2329 "http://site.mantorpgym.se/priser" "Mozilla/5.0 (Windows NT 6.1; WOW64) AppleWebKit/534+ (KHTML, like Gecko) BingPreview/1.0b"
66.249.76.94 - - [13/Oct/2019:06:52:48 +0200] "GET /training HTTP/1.1" 200 9378 "-" "Mozilla/5.0 (Linux; Android 6.0.1; Nexus 5X Build/MMB29P) AppleWebKit/537.36 (KHTML, like Gecko) Chrome/41.0.2272.96 Mobile Safari/537.36 (compatible; Googlebot/2.1; +http://www.google.com/bot.html)"
94.234.50.106 - - [13/Oct/2019:07:01:41 +0200] "GET /css/jquery.fancybox.min.css HTTP/1.1" 304 174 "http://site.mantorpgym.se/" "Mozilla/5.0 (iPhone; CPU iPhone OS 12_4_1 like Mac OS X) AppleWebKit/605.1.15 (KHTML, like Gecko) Version/12.1.2 Mobile/15E148 Safari/604.1"
94.234.50.106 - - [13/Oct/2019:07:01:41 +0200] "GET / HTTP/1.1" 200 11564 "-" "Mozilla/5.0 (iPhone; CPU iPhone OS 12_4_1 like Mac OS X) AppleWebKit/605.1.15 (KHTML, like Gecko) Version/12.1.2 Mobile/15E148 Safari/604.1"
94.234.50.106 - - [13/Oct/2019:07:01:41 +0200] "GET /js/popup.js HTTP/1.1" 304 173 "http://site.mantorpgym.se/" "Mozilla/5.0 (iPhone; CPU iPhone OS 12_4_1 like Mac OS X) AppleWebKit/605.1.15 (KHTML, like Gecko) Version/12.1.2 Mobile/15E148 Safari/604.1"
66.249.76.65 - - [13/Oct/2019:07:03:09 +0200] "GET /training HTTP/1.1" 200 9378 "-" "Mozilla/5.0 (Linux; Android 6.0.1; Nexus 5X Build/MMB29P) AppleWebKit/537.36 (KHTML, like Gecko) Chrome/41.0.2272.96 Mobile Safari/537.36 (compatible; Googlebot/2.1; +http://www.google.com/bot.html)"
66.249.76.94 - - [13/Oct/2019:07:08:56 +0200] "GET / HTTP/1.1" 200 11564 "-" "Mozilla/5.0 (Linux; Android 6.0.1; Nexus 5X Build/MMB29P) AppleWebKit/537.36 (KHTML, like Gecko) Chrome/41.0.2272.96 Mobile Safari/537.36 (compatible; Googlebot/2.1; +http://www.google.com/bot.html)"
66.249.76.65 - - [13/Oct/2019:07:15:37 +0200] "GET /training HTTP/1.1" 200 9378 "-" "Mozilla/5.0 (Linux; Android 6.0.1; Nexus 5X Build/MMB29P) AppleWebKit/537.36 (KHTML, like Gecko) Chrome/41.0.2272.96 Mobile Safari/537.36 (compatible; Googlebot/2.1; +http://www.google.com/bot.html)"
66.249.76.65 - - [13/Oct/2019:07:23:19 +0200] "GET /training HTTP/1.1" 200 9378 "-" "Mozilla/5.0 (Linux; Android 6.0.1; Nexus 5X Build/MMB29P) AppleWebKit/537.36 (KHTML, like Gecko) Chrome/41.0.2272.96 Mobile Safari/537.36 (compatible; Googlebot/2.1; +http://www.google.com/bot.html)"
94.191.159.176 - - [13/Oct/2019:07:28:50 +0200] "GET /css/jquery.fancybox.min.css HTTP/1.1" 200 13074 "http://site.mantorpgym.se/" "Mozilla/5.0 (Linux; Android 9; SAMSUNG SM-A705FN) AppleWebKit/537.36 (KHTML, like Gecko) SamsungBrowser/10.1 Chrome/71.0.3578.99 Mobile Safari/537.36"
94.191.159.176 - - [13/Oct/2019:07:28:50 +0200] "GET /css/menuStyle.css HTTP/1.1" 200 3239 "http://site.mantorpgym.se/" "Mozilla/5.0 (Linux; Android 9; SAMSUNG SM-A705FN) AppleWebKit/537.36 (KHTML, like Gecko) SamsungBrowser/10.1 Chrome/71.0.3578.99 Mobile Safari/537.36"
94.191.159.176 - - [13/Oct/2019:07:28:50 +0200] "GET /css/popupStyle.css HTTP/1.1" 200 2504 "http://site.mantorpgym.se/" "Mozilla/5.0 (Linux; Android 9; SAMSUNG SM-A705FN) AppleWebKit/537.36 (KHTML, like Gecko) SamsungBrowser/10.1 Chrome/71.0.3578.99 Mobile Safari/537.36"
94.191.159.176 - - [13/Oct/2019:07:28:50 +0200] "GET /css/style.css HTTP/1.1" 200 12239 "http://site.mantorpgym.se/" "Mozilla/5.0 (Linux; Android 9; SAMSUNG SM-A705FN) AppleWebKit/537.36 (KHTML, like Gecko) SamsungBrowser/10.1 Chrome/71.0.3578.99 Mobile Safari/537.36"
94.191.159.176 - - [13/Oct/2019:07:28:50 +0200] "GET / HTTP/1.1" 200 11564 "http://www.mantorpgym.se/" "Mozilla/5.0 (Linux; Android 9; SAMSUNG SM-A705FN) AppleWebKit/537.36 (KHTML, like Gecko) SamsungBrowser/10.1 Chrome/71.0.3578.99 Mobile Safari/537.36"
94.191.159.176 - - [13/Oct/2019:07:28:50 +0200] "GET /img/logo.png HTTP/1.1" 200 190624 "http://site.mantorpgym.se/" "Mozilla/5.0 (Linux; Android 9; SAMSUNG SM-A705FN) AppleWebKit/537.36 (KHTML, like Gecko) SamsungBrowser/10.1 Chrome/71.0.3578.99 Mobile Safari/537.36"
94.191.159.176 - - [13/Oct/2019:07:28:50 +0200] "GET /node_modules/swiper/dist/css/swiper.min.css HTTP/1.1" 200 20056 "http://site.mantorpgym.se/" "Mozilla/5.0 (Linux; Android 9; SAMSUNG SM-A705FN) AppleWebKit/537.36 (KHTML, like Gecko) SamsungBrowser/10.1 Chrome/71.0.3578.99 Mobile Safari/537.36"
94.191.159.176 - - [13/Oct/2019:07:28:51 +0200] "GET /fonts/Nexa%20Bold.otf HTTP/1.1" 200 30710 "http://site.mantorpgym.se/css/style.css" "Mozilla/5.0 (Linux; Android 9; SAMSUNG SM-A705FN) AppleWebKit/537.36 (KHTML, like Gecko) SamsungBrowser/10.1 Chrome/71.0.3578.99 Mobile Safari/537.36"
94.191.159.176 - - [13/Oct/2019:07:28:51 +0200] "GET /fonts/Nexa%20Light.otf HTTP/1.1" 200 30326 "http://site.mantorpgym.se/css/style.css" "Mozilla/5.0 (Linux; Android 9; SAMSUNG SM-A705FN) AppleWebKit/537.36 (KHTML, like Gecko) SamsungBrowser/10.1 Chrome/71.0.3578.99 Mobile Safari/537.36"
94.191.159.176 - - [13/Oct/2019:07:28:51 +0200] "GET /img/IMG_92552.jpg HTTP/1.1" 200 225084 "http://site.mantorpgym.se/css/style.css" "Mozilla/5.0 (Linux; Android 9; SAMSUNG SM-A705FN) AppleWebKit/537.36 (KHTML, like Gecko) SamsungBrowser/10.1 Chrome/71.0.3578.99 Mobile Safari/537.36"
94.191.159.176 - - [13/Oct/2019:07:28:51 +0200] "GET /js/jquery.fancybox.min.js HTTP/1.1" 200 68540 "http://site.mantorpgym.se/" "Mozilla/5.0 (Linux; Android 9; SAMSUNG SM-A705FN) AppleWebKit/537.36 (KHTML, like Gecko) SamsungBrowser/10.1 Chrome/71.0.3578.99 Mobile Safari/537.36"
94.191.159.176 - - [13/Oct/2019:07:28:51 +0200] "GET /js/popup.js HTTP/1.1" 200 1250 "http://site.mantorpgym.se/" "Mozilla/5.0 (Linux; Android 9; SAMSUNG SM-A705FN) AppleWebKit/537.36 (KHTML, like Gecko) SamsungBrowser/10.1 Chrome/71.0.3578.99 Mobile Safari/537.36"
94.191.159.176 - - [13/Oct/2019:07:28:51 +0200] "GET /js/swiper.js?v=2.1 HTTP/1.1" 200 738 "http://site.mantorpgym.se/" "Mozilla/5.0 (Linux; Android 9; SAMSUNG SM-A705FN) AppleWebKit/537.36 (KHTML, like Gecko) SamsungBrowser/10.1 Chrome/71.0.3578.99 Mobile Safari/537.36"
94.191.159.176 - - [13/Oct/2019:07:28:51 +0200] "GET /node_modules/jquery/dist/jquery.min.js HTTP/1.1" 200 87237 "http://site.mantorpgym.se/" "Mozilla/5.0 (Linux; Android 9; SAMSUNG SM-A705FN) AppleWebKit/537.36 (KHTML, like Gecko) SamsungBrowser/10.1 Chrome/71.0.3578.99 Mobile Safari/537.36"
94.191.159.176 - - [13/Oct/2019:07:28:51 +0200] "GET /node_modules/swiper/dist/js/swiper.min.js HTTP/1.1" 200 125028 "http://site.mantorpgym.se/" "Mozilla/5.0 (Linux; Android 9; SAMSUNG SM-A705FN) AppleWebKit/537.36 (KHTML, like Gecko) SamsungBrowser/10.1 Chrome/71.0.3578.99 Mobile Safari/537.36"
94.191.159.176 - - [13/Oct/2019:07:28:51 +0200] "GET /uploads/2270-desktop213.jpg HTTP/1.1" 200 1202594 "http://site.mantorpgym.se/" "Mozilla/5.0 (Linux; Android 9; SAMSUNG SM-A705FN) AppleWebKit/537.36 (KHTML, like Gecko) SamsungBrowser/10.1 Chrome/71.0.3578.99 Mobile Safari/537.36"
94.191.159.176 - - [13/Oct/2019:07:28:51 +0200] "GET /uploads/IMG_9264.jpg HTTP/1.1" 200 1475407 "http://site.mantorpgym.se/" "Mozilla/5.0 (Linux; Android 9; SAMSUNG SM-A705FN) AppleWebKit/537.36 (KHTML, like Gecko) SamsungBrowser/10.1 Chrome/71.0.3578.99 Mobile Safari/537.36"
94.191.159.176 - - [13/Oct/2019:07:28:51 +0200] "GET /uploads/IMG_92834116.jpg HTTP/1.1" 200 1293504 "http://site.mantorpgym.se/" "Mozilla/5.0 (Linux; Android 9; SAMSUNG SM-A705FN) AppleWebKit/537.36 (KHTML, like Gecko) SamsungBrowser/10.1 Chrome/71.0.3578.99 Mobile Safari/537.36"
94.191.159.176 - - [13/Oct/2019:07:28:51 +0200] "GET /uploads/IMG_93069731.jpg HTTP/1.1" 200 1383555 "http://site.mantorpgym.se/" "Mozilla/5.0 (Linux; Android 9; SAMSUNG SM-A705FN) AppleWebKit/537.36 (KHTML, like Gecko) SamsungBrowser/10.1 Chrome/71.0.3578.99 Mobile Safari/537.36"
94.191.159.176 - - [13/Oct/2019:07:28:51 +0200] "GET /uploads/kettlebells1533.jpg HTTP/1.1" 200 216729 "http://site.mantorpgym.se/" "Mozilla/5.0 (Linux; Android 9; SAMSUNG SM-A705FN) AppleWebKit/537.36 (KHTML, like Gecko) SamsungBrowser/10.1 Chrome/71.0.3578.99 Mobile Safari/537.36"
94.191.159.176 - - [13/Oct/2019:07:28:52 +0200] "GET /uploads/IMG_92912059.jpg HTTP/1.1" 200 1287773 "http://site.mantorpgym.se/" "Mozilla/5.0 (Linux; Android 9; SAMSUNG SM-A705FN) AppleWebKit/537.36 (KHTML, like Gecko) SamsungBrowser/10.1 Chrome/71.0.3578.99 Mobile Safari/537.36"
94.191.159.176 - - [13/Oct/2019:07:28:52 +0200] "GET /uploads/IMG_93164765.jpg HTTP/1.1" 200 1524968 "http://site.mantorpgym.se/" "Mozilla/5.0 (Linux; Android 9; SAMSUNG SM-A705FN) AppleWebKit/537.36 (KHTML, like Gecko) SamsungBrowser/10.1 Chrome/71.0.3578.99 Mobile Safari/537.36"
94.191.159.176 - - [13/Oct/2019:07:28:53 +0200] "GET /uploads/IMG_92503685.jpg HTTP/1.1" 200 1133660 "http://site.mantorpgym.se/" "Mozilla/5.0 (Linux; Android 9; SAMSUNG SM-A705FN) AppleWebKit/537.36 (KHTML, like Gecko) SamsungBrowser/10.1 Chrome/71.0.3578.99 Mobile Safari/537.36"
94.191.159.176 - - [13/Oct/2019:07:28:53 +0200] "GET /uploads/IMG_92693509.jpg HTTP/1.1" 200 1448893 "http://site.mantorpgym.se/" "Mozilla/5.0 (Linux; Android 9; SAMSUNG SM-A705FN) AppleWebKit/537.36 (KHTML, like Gecko) SamsungBrowser/10.1 Chrome/71.0.3578.99 Mobile Safari/537.36"
94.191.159.176 - - [13/Oct/2019:07:28:53 +0200] "GET /uploads/IMG_92982721.jpg HTTP/1.1" 200 1053137 "http://site.mantorpgym.se/" "Mozilla/5.0 (Linux; Android 9; SAMSUNG SM-A705FN) AppleWebKit/537.36 (KHTML, like Gecko) SamsungBrowser/10.1 Chrome/71.0.3578.99 Mobile Safari/537.36"
94.191.159.176 - - [13/Oct/2019:07:28:53 +0200] "GET /uploads/IMG_93016721.jpg HTTP/1.1" 200 1045754 "http://site.mantorpgym.se/" "Mozilla/5.0 (Linux; Android 9; SAMSUNG SM-A705FN) AppleWebKit/537.36 (KHTML, like Gecko) SamsungBrowser/10.1 Chrome/71.0.3578.99 Mobile Safari/537.36"
94.191.159.176 - - [13/Oct/2019:07:29:09 +0200] "GET /js/leaflet.js?v=2.1 HTTP/1.1" 200 2385 "http://site.mantorpgym.se/priser" "Mozilla/5.0 (Linux; Android 9; SAMSUNG SM-A705FN) AppleWebKit/537.36 (KHTML, like Gecko) SamsungBrowser/10.1 Chrome/71.0.3578.99 Mobile Safari/537.36"
94.191.159.176 - - [13/Oct/2019:07:29:09 +0200] "GET /js/main.js?v=2.1 HTTP/1.1" 200 1138 "http://site.mantorpgym.se/priser" "Mozilla/5.0 (Linux; Android 9; SAMSUNG SM-A705FN) AppleWebKit/537.36 (KHTML, like Gecko) SamsungBrowser/10.1 Chrome/71.0.3578.99 Mobile Safari/537.36"
94.191.159.176 - - [13/Oct/2019:07:29:09 +0200] "GET /priser HTTP/1.1" 200 13041 "http://site.mantorpgym.se/" "Mozilla/5.0 (Linux; Android 9; SAMSUNG SM-A705FN) AppleWebKit/537.36 (KHTML, like Gecko) SamsungBrowser/10.1 Chrome/71.0.3578.99 Mobile Safari/537.36"
66.249.76.94 - - [13/Oct/2019:07:32:34 +0200] "GET /robots.txt HTTP/1.1" 200 1202 "-" "Mozilla/5.0 (compatible; Googlebot/2.1; +http://www.google.com/bot.html)"
66.249.76.94 - - [13/Oct/2019:07:32:51 +0200] "GET /training HTTP/1.1" 200 9378 "-" "Mozilla/5.0 (Linux; Android 6.0.1; Nexus 5X Build/MMB29P) AppleWebKit/537.36 (KHTML, like Gecko) Chrome/41.0.2272.96 Mobile Safari/537.36 (compatible; Googlebot/2.1; +http://www.google.com/bot.html)"
66.249.76.92 - - [13/Oct/2019:07:42:48 +0200] "GET /training HTTP/1.1" 200 9378 "-" "Mozilla/5.0 (Linux; Android 6.0.1; Nexus 5X Build/MMB29P) AppleWebKit/537.36 (KHTML, like Gecko) Chrome/41.0.2272.96 Mobile Safari/537.36 (compatible; Googlebot/2.1; +http://www.google.com/bot.html)"
66.249.76.92 - - [13/Oct/2019:07:54:06 +0200] "GET /training HTTP/1.1" 200 9378 "-" "Mozilla/5.0 (Linux; Android 6.0.1; Nexus 5X Build/MMB29P) AppleWebKit/537.36 (KHTML, like Gecko) Chrome/41.0.2272.96 Mobile Safari/537.36 (compatible; Googlebot/2.1; +http://www.google.com/bot.html)"
66.249.75.222 - - [13/Oct/2019:08:03:49 +0200] "GET /training HTTP/1.1" 200 9371 "-" "Mozilla/5.0 (Linux; Android 6.0.1; Nexus 5X Build/MMB29P) AppleWebKit/537.36 (KHTML, like Gecko) Chrome/41.0.2272.96 Mobile Safari/537.36 (compatible; Googlebot/2.1; +http://www.google.com/bot.html)"
66.249.76.65 - - [13/Oct/2019:08:14:01 +0200] "GET /training HTTP/1.1" 200 9378 "-" "Mozilla/5.0 (Linux; Android 6.0.1; Nexus 5X Build/MMB29P) AppleWebKit/537.36 (KHTML, like Gecko) Chrome/41.0.2272.96 Mobile Safari/537.36 (compatible; Googlebot/2.1; +http://www.google.com/bot.html)"
66.249.76.92 - - [13/Oct/2019:08:24:57 +0200] "GET /training HTTP/1.1" 200 9378 "-" "Mozilla/5.0 (Linux; Android 6.0.1; Nexus 5X Build/MMB29P) AppleWebKit/537.36 (KHTML, like Gecko) Chrome/41.0.2272.96 Mobile Safari/537.36 (compatible; Googlebot/2.1; +http://www.google.com/bot.html)"
66.249.76.94 - - [13/Oct/2019:08:31:12 +0200] "GET /uploads/IMG_92982721.jpg HTTP/1.1" 304 176 "-" "Googlebot-Image/1.0"
66.249.76.65 - - [13/Oct/2019:08:33:16 +0200] "GET /robots.txt HTTP/1.1" 200 1202 "-" "Mozilla/5.0 (compatible; Googlebot/2.1; +http://www.google.com/bot.html)"
66.249.76.92 - - [13/Oct/2019:08:33:59 +0200] "GET /training HTTP/1.1" 200 9378 "-" "Mozilla/5.0 (Linux; Android 6.0.1; Nexus 5X Build/MMB29P) AppleWebKit/537.36 (KHTML, like Gecko) Chrome/41.0.2272.96 Mobile Safari/537.36 (compatible; Googlebot/2.1; +http://www.google.com/bot.html)"
66.249.76.92 - - [13/Oct/2019:08:43:30 +0200] "GET /training HTTP/1.1" 200 9378 "-" "Mozilla/5.0 (Linux; Android 6.0.1; Nexus 5X Build/MMB29P) AppleWebKit/537.36 (KHTML, like Gecko) Chrome/41.0.2272.96 Mobile Safari/537.36 (compatible; Googlebot/2.1; +http://www.google.com/bot.html)"
66.249.76.92 - - [13/Oct/2019:08:53:21 +0200] "GET /training HTTP/1.1" 200 9378 "-" "Mozilla/5.0 (Linux; Android 6.0.1; Nexus 5X Build/MMB29P) AppleWebKit/537.36 (KHTML, like Gecko) Chrome/41.0.2272.96 Mobile Safari/537.36 (compatible; Googlebot/2.1; +http://www.google.com/bot.html)"
66.249.76.94 - - [13/Oct/2019:09:03:09 +0200] "GET /training HTTP/1.1" 200 9371 "-" "Mozilla/5.0 (Linux; Android 6.0.1; Nexus 5X Build/MMB29P) AppleWebKit/537.36 (KHTML, like Gecko) Chrome/41.0.2272.96 Mobile Safari/537.36 (compatible; Googlebot/2.1; +http://www.google.com/bot.html)"
23.239.180.88 - - [13/Oct/2019:09:06:19 +0200] "GET / HTTP/1.1" 200 11564 "-" "Mozilla/5.0 (Windows NT 6.1; WOW64; rv:27.0) Gecko/20100101 Firefox/27.0"
66.249.76.94 - - [13/Oct/2019:09:13:09 +0200] "GET /training HTTP/1.1" 200 9378 "-" "Mozilla/5.0 (Linux; Android 6.0.1; Nexus 5X Build/MMB29P) AppleWebKit/537.36 (KHTML, like Gecko) Chrome/41.0.2272.96 Mobile Safari/537.36 (compatible; Googlebot/2.1; +http://www.google.com/bot.html)"
66.249.76.65 - - [13/Oct/2019:09:19:31 +0200] "GET /training HTTP/1.1" 200 9378 "-" "Mozilla/5.0 (Linux; Android 6.0.1; Nexus 5X Build/MMB29P) AppleWebKit/537.36 (KHTML, like Gecko) Chrome/41.0.2272.96 Mobile Safari/537.36 (compatible; Googlebot/2.1; +http://www.google.com/bot.html)"
66.249.76.65 - - [13/Oct/2019:09:22:24 +0200] "GET /training HTTP/1.1" 200 9378 "-" "Mozilla/5.0 (Linux; Android 6.0.1; Nexus 5X Build/MMB29P) AppleWebKit/537.36 (KHTML, like Gecko) Chrome/41.0.2272.96 Mobile Safari/537.36 (compatible; Googlebot/2.1; +http://www.google.com/bot.html)"
66.249.75.193 - - [13/Oct/2019:09:32:22 +0200] "GET /training HTTP/1.1" 200 9378 "-" "Mozilla/5.0 (Linux; Android 6.0.1; Nexus 5X Build/MMB29P) AppleWebKit/537.36 (KHTML, like Gecko) Chrome/41.0.2272.96 Mobile Safari/537.36 (compatible; Googlebot/2.1; +http://www.google.com/bot.html)"
66.249.76.65 - - [13/Oct/2019:09:42:19 +0200] "GET /robots.txt HTTP/1.1" 200 1202 "-" "Mozilla/5.0 (compatible; Googlebot/2.1; +http://www.google.com/bot.html)"
66.249.76.94 - - [13/Oct/2019:09:42:52 +0200] "GET /training HTTP/1.1" 200 9378 "-" "Mozilla/5.0 (Linux; Android 6.0.1; Nexus 5X Build/MMB29P) AppleWebKit/537.36 (KHTML, like Gecko) Chrome/41.0.2272.96 Mobile Safari/537.36 (compatible; Googlebot/2.1; +http://www.google.com/bot.html)"
66.249.76.65 - - [13/Oct/2019:09:52:47 +0200] "GET /training HTTP/1.1" 200 9378 "-" "Mozilla/5.0 (Linux; Android 6.0.1; Nexus 5X Build/MMB29P) AppleWebKit/537.36 (KHTML, like Gecko) Chrome/41.0.2272.96 Mobile Safari/537.36 (compatible; Googlebot/2.1; +http://www.google.com/bot.html)"
207.46.13.200 - - [13/Oct/2019:10:00:26 +0200] "GET / HTTP/1.1" 200 11564 "-" "Mozilla/5.0 (compatible; bingbot/2.0; +http://www.bing.com/bingbot.htm)"
40.77.189.243 - - [13/Oct/2019:10:00:27 +0200] "GET /css/jquery.fancybox.min.css HTTP/1.1" 200 13074 "-" "Mozilla/5.0 (Windows NT 6.1; WOW64) AppleWebKit/534+ (KHTML, like Gecko) BingPreview/1.0b"
40.77.188.58 - - [13/Oct/2019:10:00:27 +0200] "GET /node_modules/swiper/dist/css/swiper.min.css HTTP/1.1" 200 20056 "-" "Mozilla/5.0 (Windows NT 6.1; WOW64) AppleWebKit/534+ (KHTML, like Gecko) BingPreview/1.0b"
40.77.188.58 - - [13/Oct/2019:10:00:28 +0200] "GET /node_modules/swiper/dist/js/swiper.min.js HTTP/1.1" 200 125028 "-" "Mozilla/5.0 (Windows NT 6.1; WOW64) AppleWebKit/534+ (KHTML, like Gecko) BingPreview/1.0b"
40.77.190.172 - - [13/Oct/2019:10:00:29 +0200] "GET /js/popup.js HTTP/1.1" 200 1250 "-" "Mozilla/5.0 (Windows NT 6.1; WOW64) AppleWebKit/534+ (KHTML, like Gecko) BingPreview/1.0b"
40.77.190.49 - - [13/Oct/2019:10:00:29 +0200] "GET /js/swiper.js?v=2.1 HTTP/1.1" 200 738 "-" "Mozilla/5.0 (Windows NT 6.1; WOW64) AppleWebKit/534+ (KHTML, like Gecko) BingPreview/1.0b"
40.77.188.77 - - [13/Oct/2019:10:00:30 +0200] "GET /js/jquery.fancybox.min.js HTTP/1.1" 200 68540 "-" "Mozilla/5.0 (Windows NT 6.1; WOW64) AppleWebKit/534+ (KHTML, like Gecko) BingPreview/1.0b"
40.77.188.101 - - [13/Oct/2019:10:00:31 +0200] "GET /fonts/Nexa%20Light.otf HTTP/1.1" 200 30326 "-" "Mozilla/5.0 (Windows NT 6.1; WOW64) AppleWebKit/534+ (KHTML, like Gecko) BingPreview/1.0b"
66.249.76.92 - - [13/Oct/2019:10:02:38 +0200] "GET /training HTTP/1.1" 200 9378 "-" "Mozilla/5.0 (Linux; Android 6.0.1; Nexus 5X Build/MMB29P) AppleWebKit/537.36 (KHTML, like Gecko) Chrome/41.0.2272.96 Mobile Safari/537.36 (compatible; Googlebot/2.1; +http://www.google.com/bot.html)"
66.249.76.94 - - [13/Oct/2019:10:13:26 +0200] "GET /training HTTP/1.1" 200 9378 "-" "Mozilla/5.0 (Linux; Android 6.0.1; Nexus 5X Build/MMB29P) AppleWebKit/537.36 (KHTML, like Gecko) Chrome/41.0.2272.96 Mobile Safari/537.36 (compatible; Googlebot/2.1; +http://www.google.com/bot.html)"
157.55.39.147 - - [13/Oct/2019:10:13:51 +0200] "GET /instruktor HTTP/1.1" 200 8720 "-" "Mozilla/5.0 (compatible; bingbot/2.0; +http://www.bing.com/bingbot.htm)"
66.249.76.94 - - [13/Oct/2019:10:22:47 +0200] "GET /training HTTP/1.1" 200 9378 "-" "Mozilla/5.0 (Linux; Android 6.0.1; Nexus 5X Build/MMB29P) AppleWebKit/537.36 (KHTML, like Gecko) Chrome/41.0.2272.96 Mobile Safari/537.36 (compatible; Googlebot/2.1; +http://www.google.com/bot.html)"
155.4.15.34 - - [13/Oct/2019:10:33:24 +0200] "GET /css/jquery.fancybox.min.css HTTP/1.1" 200 13074 "http://site.mantorpgym.se/" "Mozilla/5.0 (Windows NT 6.1; WOW64; Trident/7.0; rv:11.0) like Gecko"
155.4.15.34 - - [13/Oct/2019:10:33:24 +0200] "GET /css/menuStyle.css HTTP/1.1" 200 3239 "http://site.mantorpgym.se/" "Mozilla/5.0 (Windows NT 6.1; WOW64; Trident/7.0; rv:11.0) like Gecko"
155.4.15.34 - - [13/Oct/2019:10:33:24 +0200] "GET /css/popupStyle.css HTTP/1.1" 200 2504 "http://site.mantorpgym.se/" "Mozilla/5.0 (Windows NT 6.1; WOW64; Trident/7.0; rv:11.0) like Gecko"
155.4.15.34 - - [13/Oct/2019:10:33:24 +0200] "GET /css/style.css HTTP/1.1" 200 12239 "http://site.mantorpgym.se/" "Mozilla/5.0 (Windows NT 6.1; WOW64; Trident/7.0; rv:11.0) like Gecko"
155.4.15.34 - - [13/Oct/2019:10:33:24 +0200] "GET /fonts/Nexa%20Bold.otf HTTP/1.1" 200 30710 "http://site.mantorpgym.se/" "Mozilla/5.0 (Windows NT 6.1; WOW64; Trident/7.0; rv:11.0) like Gecko"
155.4.15.34 - - [13/Oct/2019:10:33:24 +0200] "GET /fonts/Nexa%20Light.otf HTTP/1.1" 200 30326 "http://site.mantorpgym.se/" "Mozilla/5.0 (Windows NT 6.1; WOW64; Trident/7.0; rv:11.0) like Gecko"
155.4.15.34 - - [13/Oct/2019:10:33:24 +0200] "GET / HTTP/1.1" 200 11564 "-" "Mozilla/5.0 (Windows NT 6.1; WOW64; Trident/7.0; rv:11.0) like Gecko"
155.4.15.34 - - [13/Oct/2019:10:33:24 +0200] "GET /img/IMG_92552.jpg HTTP/1.1" 200 225084 "http://site.mantorpgym.se/" "Mozilla/5.0 (Windows NT 6.1; WOW64; Trident/7.0; rv:11.0) like Gecko"
